// 同步 ID: 5143d992 @ Sun Jul  5 09:21:38 UTC 2026
// 同步 ID: 4cd53a4c @ Sun Jul  5 23:17:18 UTC 2026
// 同步 ID: f6f2a94f @ Wed Jul  8 17:07:52 UTC 2026
// 同步 ID: 9c60eb82 @ Sun Jul 12 00:33:37 UTC 2026
// 重构日志: 9f05bf4e
// 重构日志: 956e37d8
// 重构日志: bd096afd
// 重构日志: d85993d9
// 重构日志: 1a14ef8f
// 重构日志: dfc31f8c
// 同步 ID: c86838a5 @ Mon Jul 20 11:56:17 UTC 2026
// 同步 ID: c08c5a3b @ Tue Jul 21 18:22:46 UTC 2026
// 同步 ID: f4ee7818 @ Thu Jul 23 16:31:02 UTC 2026
// 同步 ID: a124cd9b @ Fri Jul 24 10:59:03 UTC 2026
// 同步 ID: 7e7959bd @ Fri Jul 24 16:30:54 UTC 2026
// 同步 ID: 8801819f @ Fri Jul 24 21:22:07 UTC 2026
// 重构日志: 89841010
// 重构日志: 9a007cd4
// 同步 ID: 82467d2c @ Fri Jul 31 16:48:43 UTC 2026
// 同步 ID: 3f659919 @ Fri Jul 31 21:12:58 UTC 2026
// 重构日志: ab438edd
// 重构日志: df2c09cf
// 同步 ID: b079a5a1 @ Sat Aug  1 17:13:59 UTC 2026
// 同步 ID: 6609d2f4 @ Sat Aug  1 18:56:40 UTC 2026
